12:59:57.719 [APP] 启动 v4.0.2
13:00:01.393 [SVC] onCreate instance=0
13:00:01.394 [SVC] onStartCommand instance=0 action=null
13:00:01.400 [SVC] initPet start instance=0
13:00:01.466 [SVC] catalog 加载 91 段动画
13:00:01.561 [SVC] buildWindow 5760x3240 纯代码创建视图
13:00:01.701 [INIT] 初始化失败: Cannot coerce value to an empty range: maximum -1560 is less than minimum 0.
java.lang.IllegalArgumentException: Cannot coerce value to an empty range: maximum -1560 is less than minimum 0.
	at kotlin.ranges.RangesKt___RangesKt.coerceIn(_Ranges.kt:1413)
	at com.dshpet.android.pet.PetOverlayService.moveWindow(PetOverlayService.kt:514)
	at com.dshpet.android.pet.PetOverlayService.access$moveWindow(PetOverlayService.kt:49)
	at com.dshpet.android.pet.PetOverlayService$initPet$3.invoke(PetOverlayService.kt:231)
	at com.dshpet.android.pet.PetOverlayService$initPet$3.invoke(PetOverlayService.kt:234)
	at com.dshpet.android.pet.PetEngine.setPosition(PetEngine.kt:270)
	at com.dshpet.android.pet.PetOverlayService.initPet(PetOverlayService.kt:263)
	at com.dshpet.android.pet.PetOverlayService.access$initPet(PetOverlayService.kt:49)
	at com.dshpet.android.pet.PetOverlayService$initPet$1.invokeSuspend(Unknown Source:14)
	at kotlin.coroutines.jvm.internal.BaseContinuationImpl.resumeWith(ContinuationImpl.kt:33)
	at kotlinx.coroutines.internal.DispatchedContinuationKt.resumeCancellableWith(DispatchedContinuation.kt:363)
	at kotlinx.coroutines.internal.DispatchedContinuationKt.resumeCancellableWith$default(DispatchedContinuation.kt:274)
	at kotlinx.coroutines.internal.ScopeCoroutine.afterCompletion(Scopes.kt:23)
	at kotlinx.coroutines.JobSupport.continueCompleting(JobSupport.kt:947)
	at kotlinx.coroutines.JobSupport.access$continueCompleting(JobSupport.kt:22)
	at kotlinx.coroutines.JobSupport$ChildCompletion.invoke(JobSupport.kt:1166)
	at kotlinx.coroutines.JobSupport.notifyCompletion(JobSupport.kt:1502)
	at kotlinx.coroutines.JobSupport.completeStateFinalization(JobSupport.kt:322)
	at kotlinx.coroutines.JobSupport.finalizeFinishingState(JobSupport.kt:239)
	at kotlinx.coroutines.JobSupport.tryMakeCompletingSlowPath(JobSupport.kt:917)
	at kotlinx.coroutines.JobSupport.tryMakeCompleting(JobSupport.kt:874)
	at kotlinx.coroutines.JobSupport.makeCompletingOnce$kotlinx_coroutines_core(JobSupport.kt:839)
	at kotlinx.coroutines.AbstractCoroutine.resumeWith(AbstractCoroutine.kt:97)
	at kotlin.coroutines.jvm.internal.BaseContinuationImpl.resumeWith(ContinuationImpl.kt:46)
	at kotlinx.coroutines.DispatchedTask.run(DispatchedTask.kt:104)
	at android.os.Handler.handleCallback(Handler.java:873)
	at android.os.Handler.dispatchMessage(Handler.java:99)
	at android.os.Looper.loop(Looper.java:220)
	at android.app.ActivityThread.main(ActivityThread.java:7437)
	at java.lang.reflect.Method.invoke(Native Method)
	at com.android.internal.os.RuntimeInit$MethodAndArgsCaller.run(RuntimeInit.java:500)
	at com.android.internal.os.ZygoteInit.main(ZygoteInit.java:865)

13:00:03.741 [SVC] onCreate instance=0
13:00:03.743 [SVC] onStartCommand instance=0 action=null
